// Jest Snapshot v1, https://goo.gl/fbAQLP

exports[`Renders correctly 1`] = `
<View
  style={
    Object {
      "flex": 1,
      "flexDirection": "row",
    }
  }
>
  <View
    style={
      Object {
        "alignItems": "center",
        "flex": 1,
        "flexDirection": "row",
        "justifyContent": "space-between",
        "paddingLeft": 15,
      }
    }
  >
    <View>
      <Text
        style={
          Object {
            "backgroundColor": "transparent",
            "color": "#5B6267",
            "fontFamily": "System",
            "fontSize": 17,
            "fontWeight": "400",
            "letterSpacing": -0.408,
            "lineHeight": 22,
          }
        }
      />
    </View>
    <View>
      <Text
        allowFontScaling={false}
        style={
          Array [
            Object {
              "color": undefined,
              "fontSize": 12,
            },
            Array [
              Object {
                "color": "#000",
                "fontSize": 30,
              },
              Object {
                "color": "#000",
                "fontSize": 30,
              },
              Object {
                "color": "#5B6267",
              },
            ],
            Object {
              "fontFamily": "Ionicons",
              "fontStyle": "normal",
              "fontWeight": "normal",
            },
            Object {},
          ]
        }
      >
        
      </Text>
    </View>
  </View>
</View>
`;
