// Jest Snapshot v1, https://goo.gl/fbAQLP

exports[`CardOverview component Renders correctly 1`] = `
<View
  style={
    Array [
      Object {
        "backgroundColor": "#fff",
        "borderBottomWidth": 0.5,
        "borderColor": "#ccc",
        "borderLeftWidth": 0.5,
        "borderRadius": 2,
        "borderRightWidth": 0.5,
        "borderTopWidth": 0.5,
        "elevation": 3,
        "flexWrap": "nowrap",
        "marginBottom": 5,
        "marginLeft": 2,
        "marginRight": 2,
        "marginTop": 5,
        "shadowColor": "#000",
        "shadowOffset": Object {
          "height": 2,
          "width": 0,
        },
        "shadowOpacity": 0.1,
        "shadowRadius": 1.5,
      },
      Object {
        "elevation": 2,
      },
    ]
  }
>
  <View
    style={
      Object {
        "alignItems": "center",
        "backgroundColor": "#fff",
        "borderRadius": 2,
        "flexDirection": "row",
        "paddingBottom": 10,
        "paddingLeft": 15,
        "paddingRight": 15,
        "paddingTop": 10,
      }
    }
  >
    <Text
      style={
        Array [
          Object {
            "color": "#000",
            "fontFamily": "System",
            "fontSize": 16,
          },
          Object {
            "backgroundColor": "transparent",
            "color": "#4B5358",
            "fontFamily": "System",
            "fontSize": 17,
            "fontWeight": "600",
            "letterSpacing": -0.408,
            "lineHeight": 22,
          },
        ]
      }
      uppercase={false}
    >
      Overview
    </Text>
  </View>
  <View
    style={
      Object {
        "alignItems": "center",
        "backgroundColor": "#fff",
        "borderRadius": 2,
        "flexDirection": "row",
        "paddingBottom": 10,
        "paddingLeft": 15,
        "paddingRight": 15,
        "paddingTop": 10,
      }
    }
  >
    <View
      style={
        Object {
          "flex": 1,
          "flexDirection": "row",
        }
      }
    >
      <View
        accessible={true}
        isTVSelectable={true}
        onResponderGrant={[Function]}
        onResponderMove={[Function]}
        onResponderRelease={[Function]}
        onResponderTerminate={[Function]}
        onResponderTerminationRequest={[Function]}
        onStartShouldSetResponder={[Function]}
        style={
          Object {
            "alignItems": "center",
            "backgroundColor": "rgba(0,0,0,0.05)",
            "borderRadius": 5,
            "flex": 1,
            "opacity": 1,
            "padding": 5,
          }
        }
      >
        <View>
          <Text
            style={
              Array [
                Object {
                  "color": "#000",
                  "fontFamily": "System",
                  "fontSize": 16,
                },
                Object {
                  "backgroundColor": "transparent",
                  "color": "#5B6267",
                  "fontFamily": "System",
                  "fontSize": 17,
                  "fontWeight": "400",
                  "letterSpacing": -0.408,
                  "lineHeight": 22,
                  "marginBottom": 5,
                },
              ]
            }
            uppercase={false}
          >
            Total Wealth
          </Text>
          <Text
            style={
              Array [
                Object {
                  "color": "#000",
                  "fontFamily": "System",
                  "fontSize": 16,
                },
                Object {
                  "backgroundColor": "transparent",
                  "color": "#4B5358",
                  "fontFamily": "System",
                  "fontSize": 20,
                  "fontWeight": "400",
                  "letterSpacing": 0.361328,
                  "lineHeight": 25,
                },
              ]
            }
            uppercase={false}
          >
            +34 628 USD
          </Text>
        </View>
      </View>
      <View
        accessible={true}
        isTVSelectable={true}
        onResponderGrant={[Function]}
        onResponderMove={[Function]}
        onResponderRelease={[Function]}
        onResponderTerminate={[Function]}
        onResponderTerminationRequest={[Function]}
        onStartShouldSetResponder={[Function]}
        style={
          Object {
            "alignItems": "center",
            "flex": 1,
            "opacity": 1,
            "padding": 5,
          }
        }
      >
        <View>
          <Text
            style={
              Array [
                Object {
                  "color": "#000",
                  "fontFamily": "System",
                  "fontSize": 16,
                },
                Object {
                  "backgroundColor": "transparent",
                  "color": "#5B6267",
                  "fontFamily": "System",
                  "fontSize": 17,
                  "fontWeight": "400",
                  "letterSpacing": -0.408,
                  "lineHeight": 22,
                  "marginBottom": 5,
                },
              ]
            }
            uppercase={false}
          >
            Monthly Cash Flow
          </Text>
          <Text
            style={
              Array [
                Object {
                  "color": "#000",
                  "fontFamily": "System",
                  "fontSize": 16,
                },
                Object {
                  "backgroundColor": "transparent",
                  "color": "#4B5358",
                  "fontFamily": "System",
                  "fontSize": 20,
                  "fontWeight": "400",
                  "letterSpacing": 0.361328,
                  "lineHeight": 25,
                },
              ]
            }
            uppercase={false}
          >
            +257 USD
          </Text>
        </View>
      </View>
    </View>
  </View>
  <View
    style={
      Object {
        "alignItems": "center",
        "backgroundColor": "#fff",
        "borderRadius": 2,
        "flexDirection": "row",
        "paddingBottom": 10,
        "paddingLeft": 15,
        "paddingRight": 15,
        "paddingTop": 10,
      }
    }
  >
    <View
      style={
        Object {
          "flexDirection": "row",
        }
      }
    >
      <View
        style={
          Array [
            Object {
              "marginBottom": 30,
              "marginRight": 10,
            },
          ]
        }
      >
        <View
          onLayout={[Function]}
          style={
            Object {
              "flexGrow": 1,
            }
          }
        >
          <Text
            style={
              Object {
                "color": "transparent",
                "fontSize": 11,
              }
            }
          >
            -20
          </Text>
        </View>
      </View>
      <View
        style={
          Object {
            "flex": 1,
          }
        }
      >
        <View
          style={
            Object {
              "height": 250,
            }
          }
        >
          <View
            onLayout={[Function]}
            style={
              Object {
                "flex": 1,
              }
            }
          />
        </View>
        <View
          style={
            Object {
              "height": 30,
              "marginHorizontal": -10,
            }
          }
        >
          <View
            onLayout={[Function]}
            style={
              Object {
                "flexGrow": 1,
              }
            }
          >
            <Text
              style={
                Object {
                  "color": "transparent",
                  "fontSize": 11,
                }
              }
            >
              0
            </Text>
          </View>
        </View>
      </View>
    </View>
  </View>
</View>
`;
