// Jest Snapshot v1, https://goo.gl/fbAQLP

exports[`Dashboard component Renders correctly 1`] = `
<View
  style={
    Object {
      "flex": 1,
      "paddingHorizontal": 5,
    }
  }
>
  <RCTScrollView>
    <View>
      <View
        style={
          Array [
            Object {
              "backgroundColor": "#fff",
              "borderBottomWidth": 0.5,
              "borderColor": "#ccc",
              "borderLeftWidth": 0.5,
              "borderRadius": 2,
              "borderRightWidth": 0.5,
              "borderTopWidth": 0.5,
              "elevation": 3,
              "flexWrap": "nowrap",
              "marginBottom": 5,
              "marginLeft": 2,
              "marginRight": 2,
              "marginTop": 5,
              "shadowColor": "#000",
              "shadowOffset": Object {
                "height": 2,
                "width": 0,
              },
              "shadowOpacity": 0.1,
              "shadowRadius": 1.5,
            },
            Object {
              "elevation": 2,
            },
          ]
        }
      >
        <View
          style={
            Object {
              "alignItems": "center",
              "backgroundColor": "#fff",
              "borderRadius": 2,
              "flexDirection": "row",
              "paddingBottom": 10,
              "paddingLeft": 15,
              "paddingRight": 15,
              "paddingTop": 10,
            }
          }
        >
          <Text
            style={
              Array [
                Object {
                  "color": "#000",
                  "fontFamily": "System",
                  "fontSize": 16,
                },
                Object {
                  "backgroundColor": "transparent",
                  "color": "#4B5358",
                  "fontFamily": "System",
                  "fontSize": 17,
                  "fontWeight": "600",
                  "letterSpacing": -0.408,
                  "lineHeight": 22,
                },
              ]
            }
            uppercase={false}
          >
            Wallets & Accounts
          </Text>
        </View>
        <View
          style={
            Object {
              "alignItems": "center",
              "backgroundColor": "#fff",
              "borderRadius": 2,
              "flexDirection": "row",
              "paddingBottom": 10,
              "paddingLeft": 15,
              "paddingRight": 15,
              "paddingTop": 10,
            }
          }
        >
          <View
            style={
              Object {
                "flex": 1,
                "flexDirection": "row",
              }
            }
          >
            <View
              accessible={true}
              isTVSelectable={true}
              onResponderGrant={[Function]}
              onResponderMove={[Function]}
              onResponderRelease={[Function]}
              onResponderTerminate={[Function]}
              onResponderTerminationRequest={[Function]}
              onStartShouldSetResponder={[Function]}
              style={
                Object {
                  "alignItems": "center",
                  "alignSelf": "flex-start",
                  "backgroundColor": "white",
                  "borderBottomWidth": null,
                  "borderColor": "#007aff",
                  "borderLeftWidth": null,
                  "borderRadius": 5,
                  "borderRightWidth": null,
                  "borderTopWidth": null,
                  "borderWidth": undefined,
                  "elevation": 2,
                  "flex": 1,
                  "flexDirection": "row",
                  "height": 45,
                  "justifyContent": "center",
                  "marginHorizontal": 5,
                  "opacity": 1,
                  "paddingBottom": 6,
                  "paddingTop": 6,
                  "shadowColor": undefined,
                  "shadowOffset": undefined,
                  "shadowOpacity": undefined,
                  "shadowRadius": undefined,
                }
              }
            >
              <Text
                style={
                  Array [
                    Object {
                      "backgroundColor": "transparent",
                      "color": "#000",
                      "fontFamily": "System",
                      "fontSize": 16.5,
                      "marginLeft": 0,
                      "marginRight": 0,
                      "paddingLeft": 16,
                      "paddingRight": 16,
                    },
                    Object {
                      "backgroundColor": "transparent",
                      "color": "#5B6267",
                      "fontFamily": "System",
                      "fontSize": 17,
                      "fontWeight": "400",
                      "letterSpacing": -0.408,
                      "lineHeight": 22,
                    },
                  ]
                }
                uppercase={false}
              >
                Add Cash Wallet 
              </Text>
            </View>
            <View
              accessible={true}
              isTVSelectable={true}
              onResponderGrant={[Function]}
              onResponderMove={[Function]}
              onResponderRelease={[Function]}
              onResponderTerminate={[Function]}
              onResponderTerminationRequest={[Function]}
              onStartShouldSetResponder={[Function]}
              style={
                Object {
                  "alignItems": "center",
                  "alignSelf": "flex-start",
                  "backgroundColor": "white",
                  "borderBottomWidth": null,
                  "borderColor": "#007aff",
                  "borderLeftWidth": null,
                  "borderRadius": 5,
                  "borderRightWidth": null,
                  "borderTopWidth": null,
                  "borderWidth": undefined,
                  "elevation": 2,
                  "flex": 1,
                  "flexDirection": "row",
                  "height": 45,
                  "justifyContent": "center",
                  "marginHorizontal": 5,
                  "opacity": 1,
                  "paddingBottom": 6,
                  "paddingTop": 6,
                  "shadowColor": undefined,
                  "shadowOffset": undefined,
                  "shadowOpacity": undefined,
                  "shadowRadius": undefined,
                }
              }
            >
              <Text
                style={
                  Array [
                    Object {
                      "backgroundColor": "transparent",
                      "color": "#000",
                      "fontFamily": "System",
                      "fontSize": 16.5,
                      "marginLeft": 0,
                      "marginRight": 0,
                      "paddingLeft": 16,
                      "paddingRight": 16,
                    },
                    Object {
                      "backgroundColor": "transparent",
                      "color": "#5B6267",
                      "fontFamily": "System",
                      "fontSize": 17,
                      "fontWeight": "400",
                      "letterSpacing": -0.408,
                      "lineHeight": 22,
                    },
                  ]
                }
                uppercase={false}
              >
                Connect Bank 
              </Text>
            </View>
          </View>
        </View>
      </View>
      <View
        style={
          Array [
            Object {
              "backgroundColor": "#fff",
              "borderBottomWidth": 0.5,
              "borderColor": "#ccc",
              "borderLeftWidth": 0.5,
              "borderRadius": 2,
              "borderRightWidth": 0.5,
              "borderTopWidth": 0.5,
              "elevation": 3,
              "flexWrap": "nowrap",
              "marginBottom": 5,
              "marginLeft": 2,
              "marginRight": 2,
              "marginTop": 5,
              "shadowColor": "#000",
              "shadowOffset": Object {
                "height": 2,
                "width": 0,
              },
              "shadowOpacity": 0.1,
              "shadowRadius": 1.5,
            },
            Object {
              "elevation": 2,
            },
          ]
        }
      >
        <View
          style={
            Object {
              "alignItems": "center",
              "backgroundColor": "#fff",
              "borderRadius": 2,
              "flexDirection": "row",
              "paddingBottom": 10,
              "paddingLeft": 15,
              "paddingRight": 15,
              "paddingTop": 10,
            }
          }
        >
          <Text
            style={
              Array [
                Object {
                  "color": "#000",
                  "fontFamily": "System",
                  "fontSize": 16,
                },
                Object {
                  "backgroundColor": "transparent",
                  "color": "#4B5358",
                  "fontFamily": "System",
                  "fontSize": 17,
                  "fontWeight": "600",
                  "letterSpacing": -0.408,
                  "lineHeight": 22,
                },
              ]
            }
            uppercase={false}
          >
            Overview
          </Text>
        </View>
        <View
          style={
            Object {
              "alignItems": "center",
              "backgroundColor": "#fff",
              "borderRadius": 2,
              "flexDirection": "row",
              "paddingBottom": 10,
              "paddingLeft": 15,
              "paddingRight": 15,
              "paddingTop": 10,
            }
          }
        >
          <View
            style={
              Object {
                "flex": 1,
                "flexDirection": "row",
              }
            }
          >
            <View
              style={
                Array [
                  Object {
                    "alignItems": "center",
                    "flex": 1,
                    "padding": 5,
                  },
                  Object {
                    "backgroundColor": "rgba(0,0,0,0.05)",
                    "borderRadius": 5,
                  },
                ]
              }
            >
              <Text
                style={
                  Array [
                    Object {
                      "color": "#000",
                      "fontFamily": "System",
                      "fontSize": 16,
                    },
                    Object {
                      "backgroundColor": "transparent",
                      "color": "#5B6267",
                      "fontFamily": "System",
                      "fontSize": 17,
                      "fontWeight": "400",
                      "letterSpacing": -0.408,
                      "lineHeight": 22,
                      "marginBottom": 5,
                    },
                  ]
                }
                uppercase={false}
              >
                Total Wealth
              </Text>
              <Text
                style={
                  Array [
                    Object {
                      "color": "#000",
                      "fontFamily": "System",
                      "fontSize": 16,
                    },
                    Object {
                      "backgroundColor": "transparent",
                      "color": "#4B5358",
                      "fontFamily": "System",
                      "fontSize": 20,
                      "fontWeight": "400",
                      "letterSpacing": 0.361328,
                      "lineHeight": 25,
                    },
                  ]
                }
                uppercase={false}
              >
                +34 628 USD
              </Text>
            </View>
            <View
              style={
                Object {
                  "alignItems": "center",
                  "flex": 1,
                  "padding": 5,
                }
              }
            >
              <Text
                style={
                  Array [
                    Object {
                      "color": "#000",
                      "fontFamily": "System",
                      "fontSize": 16,
                    },
                    Object {
                      "backgroundColor": "transparent",
                      "color": "#5B6267",
                      "fontFamily": "System",
                      "fontSize": 17,
                      "fontWeight": "400",
                      "letterSpacing": -0.408,
                      "lineHeight": 22,
                      "marginBottom": 5,
                    },
                  ]
                }
                uppercase={false}
              >
                Monthly Cash Flow
              </Text>
              <Text
                style={
                  Array [
                    Object {
                      "color": "#000",
                      "fontFamily": "System",
                      "fontSize": 16,
                    },
                    Object {
                      "backgroundColor": "transparent",
                      "color": "#4B5358",
                      "fontFamily": "System",
                      "fontSize": 20,
                      "fontWeight": "400",
                      "letterSpacing": 0.361328,
                      "lineHeight": 25,
                    },
                  ]
                }
                uppercase={false}
              >
                +257 USD
              </Text>
            </View>
          </View>
        </View>
        <View
          style={
            Object {
              "alignItems": "center",
              "backgroundColor": "#fff",
              "borderRadius": 2,
              "flexDirection": "row",
              "paddingBottom": 10,
              "paddingLeft": 15,
              "paddingRight": 15,
              "paddingTop": 10,
            }
          }
        >
          <View
            style={
              Object {
                "flexDirection": "row",
              }
            }
          >
            <View
              style={
                Array [
                  Object {
                    "marginBottom": 30,
                    "marginRight": 10,
                  },
                ]
              }
            >
              <View
                onLayout={[Function]}
                style={
                  Object {
                    "flexGrow": 1,
                  }
                }
              >
                <Text
                  style={
                    Object {
                      "color": "transparent",
                      "fontSize": 11,
                    }
                  }
                >
                  -20
                </Text>
              </View>
            </View>
            <View
              style={
                Object {
                  "flex": 1,
                }
              }
            >
              <View
                style={
                  Object {
                    "height": 200,
                  }
                }
              >
                <View
                  onLayout={[Function]}
                  style={
                    Object {
                      "flex": 1,
                    }
                  }
                />
              </View>
              <View
                style={
                  Object {
                    "height": 30,
                    "marginHorizontal": -10,
                  }
                }
              >
                <View
                  onLayout={[Function]}
                  style={
                    Object {
                      "flexGrow": 1,
                    }
                  }
                >
                  <Text
                    style={
                      Object {
                        "color": "transparent",
                        "fontSize": 11,
                      }
                    }
                  >
                    0
                  </Text>
                </View>
              </View>
            </View>
          </View>
        </View>
      </View>
      <View
        style={
          Array [
            Object {
              "backgroundColor": "#fff",
              "borderBottomWidth": 0.5,
              "borderColor": "#ccc",
              "borderLeftWidth": 0.5,
              "borderRadius": 2,
              "borderRightWidth": 0.5,
              "borderTopWidth": 0.5,
              "elevation": 3,
              "flexWrap": "nowrap",
              "marginBottom": 5,
              "marginLeft": 2,
              "marginRight": 2,
              "marginTop": 5,
              "shadowColor": "#000",
              "shadowOffset": Object {
                "height": 2,
                "width": 0,
              },
              "shadowOpacity": 0.1,
              "shadowRadius": 1.5,
            },
            Object {
              "elevation": 2,
            },
          ]
        }
      >
        <View
          style={
            Object {
              "alignItems": "center",
              "backgroundColor": "#fff",
              "borderRadius": 2,
              "flexDirection": "row",
              "paddingBottom": 10,
              "paddingLeft": 15,
              "paddingRight": 15,
              "paddingTop": 10,
            }
          }
        >
          <View
            style={
              Object {
                "flex": 1,
                "flexDirection": "row",
              }
            }
          >
            <View
              style={
                Object {
                  "alignItems": "center",
                  "flex": 1,
                  "padding": 5,
                }
              }
            >
              <Text
                style={
                  Array [
                    Object {
                      "color": "#000",
                      "fontFamily": "System",
                      "fontSize": 16,
                    },
                    Object {
                      "backgroundColor": "transparent",
                      "color": "#5B6267",
                      "fontFamily": "System",
                      "fontSize": 15,
                      "fontWeight": "400",
                      "letterSpacing": -0.24,
                      "lineHeight": 20,
                      "marginBottom": 5,
                    },
                  ]
                }
                uppercase={false}
              >
                Average Daily Expense
              </Text>
              <Text
                style={
                  Array [
                    Object {
                      "color": "#000",
                      "fontFamily": "System",
                      "fontSize": 16,
                    },
                    Object {
                      "backgroundColor": "transparent",
                      "color": "#4B5358",
                      "fontFamily": "System",
                      "fontSize": 20,
                      "fontWeight": "400",
                      "letterSpacing": 0.361328,
                      "lineHeight": 25,
                    },
                  ]
                }
                uppercase={false}
              >
                - 28.47 USD
              </Text>
            </View>
            <View
              style={
                Object {
                  "alignItems": "center",
                  "flex": 1,
                  "padding": 5,
                }
              }
            >
              <Text
                style={
                  Array [
                    Object {
                      "color": "#000",
                      "fontFamily": "System",
                      "fontSize": 16,
                    },
                    Object {
                      "backgroundColor": "transparent",
                      "color": "#5B6267",
                      "fontFamily": "System",
                      "fontSize": 15,
                      "fontWeight": "400",
                      "letterSpacing": -0.24,
                      "lineHeight": 20,
                      "marginBottom": 5,
                    },
                  ]
                }
                uppercase={false}
              >
                Last Month Comparison
              </Text>
              <Text
                style={
                  Array [
                    Object {
                      "color": "#000",
                      "fontFamily": "System",
                      "fontSize": 16,
                    },
                    Object {
                      "backgroundColor": "transparent",
                      "color": "#4B5358",
                      "fontFamily": "System",
                      "fontSize": 20,
                      "fontWeight": "400",
                      "letterSpacing": 0.361328,
                      "lineHeight": 25,
                    },
                  ]
                }
                uppercase={false}
              >
                +22%
              </Text>
            </View>
          </View>
        </View>
      </View>
      <View
        style={
          Array [
            Object {
              "backgroundColor": "#fff",
              "borderBottomWidth": 0.5,
              "borderColor": "#ccc",
              "borderLeftWidth": 0.5,
              "borderRadius": 2,
              "borderRightWidth": 0.5,
              "borderTopWidth": 0.5,
              "elevation": 3,
              "flexWrap": "nowrap",
              "marginBottom": 5,
              "marginLeft": 2,
              "marginRight": 2,
              "marginTop": 5,
              "shadowColor": "#000",
              "shadowOffset": Object {
                "height": 2,
                "width": 0,
              },
              "shadowOpacity": 0.1,
              "shadowRadius": 1.5,
            },
            Object {
              "elevation": 2,
            },
          ]
        }
      >
        <View
          style={
            Object {
              "alignItems": "center",
              "backgroundColor": "#fff",
              "borderRadius": 2,
              "flexDirection": "row",
              "paddingBottom": 10,
              "paddingLeft": 15,
              "paddingRight": 15,
              "paddingTop": 10,
            }
          }
        >
          <Text
            style={
              Array [
                Object {
                  "color": "#000",
                  "fontFamily": "System",
                  "fontSize": 16,
                },
                Object {
                  "backgroundColor": "transparent",
                  "color": "#4B5358",
                  "fontFamily": "System",
                  "fontSize": 17,
                  "fontWeight": "600",
                  "letterSpacing": -0.408,
                  "lineHeight": 22,
                },
              ]
            }
            uppercase={false}
          >
            Categories
          </Text>
        </View>
        <View
          style={
            Object {
              "alignItems": "center",
              "backgroundColor": "#fff",
              "borderRadius": 2,
              "flexDirection": "row",
              "paddingBottom": 10,
              "paddingLeft": 15,
              "paddingRight": 15,
              "paddingTop": 10,
            }
          }
        >
          <View
            style={
              Object {
                "flex": 1,
                "flexDirection": "row",
              }
            }
          >
            <View
              style={
                Array [
                  Object {
                    "alignItems": "center",
                    "flex": 1,
                    "padding": 5,
                  },
                  Object {
                    "backgroundColor": "rgba(0,0,0,0.05)",
                    "borderRadius": 5,
                  },
                ]
              }
            >
              <Text
                style={
                  Array [
                    Object {
                      "color": "#000",
                      "fontFamily": "System",
                      "fontSize": 16,
                    },
                    Object {
                      "backgroundColor": "transparent",
                      "color": "#5B6267",
                      "fontFamily": "System",
                      "fontSize": 17,
                      "fontWeight": "400",
                      "letterSpacing": -0.408,
                      "lineHeight": 22,
                      "marginBottom": 5,
                    },
                  ]
                }
                uppercase={false}
              >
                Total Expenses
              </Text>
              <Text
                style={
                  Array [
                    Object {
                      "color": "#000",
                      "fontFamily": "System",
                      "fontSize": 16,
                    },
                    Object {
                      "backgroundColor": "transparent",
                      "color": "#4B5358",
                      "fontFamily": "System",
                      "fontSize": 20,
                      "fontWeight": "400",
                      "letterSpacing": 0.361328,
                      "lineHeight": 25,
                    },
                  ]
                }
                uppercase={false}
              >
                - 4 628 USD
              </Text>
            </View>
            <View
              style={
                Object {
                  "alignItems": "center",
                  "flex": 1,
                  "padding": 5,
                }
              }
            >
              <Text
                style={
                  Array [
                    Object {
                      "color": "#000",
                      "fontFamily": "System",
                      "fontSize": 16,
                    },
                    Object {
                      "backgroundColor": "transparent",
                      "color": "#5B6267",
                      "fontFamily": "System",
                      "fontSize": 17,
                      "fontWeight": "400",
                      "letterSpacing": -0.408,
                      "lineHeight": 22,
                      "marginBottom": 5,
                    },
                  ]
                }
                uppercase={false}
              >
                Total Income
              </Text>
              <Text
                style={
                  Array [
                    Object {
                      "color": "#000",
                      "fontFamily": "System",
                      "fontSize": 16,
                    },
                    Object {
                      "backgroundColor": "transparent",
                      "color": "#4B5358",
                      "fontFamily": "System",
                      "fontSize": 20,
                      "fontWeight": "400",
                      "letterSpacing": 0.361328,
                      "lineHeight": 25,
                    },
                  ]
                }
                uppercase={false}
              >
                + 5 884 USD
              </Text>
            </View>
          </View>
        </View>
        <View
          style={
            Object {
              "alignItems": "center",
              "backgroundColor": "#fff",
              "borderRadius": 2,
              "flexDirection": "row",
              "paddingBottom": 10,
              "paddingLeft": 15,
              "paddingRight": 15,
              "paddingTop": 10,
            }
          }
        >
          <View
            style={
              Object {
                "flex": 1,
                "height": 250,
              }
            }
          >
            <View
              onLayout={[Function]}
              style={
                Object {
                  "flex": 1,
                }
              }
            />
          </View>
        </View>
        <View
          style={
            Object {
              "alignItems": "center",
              "backgroundColor": "#fff",
              "borderRadius": 2,
              "flexDirection": "row",
              "paddingBottom": 10,
              "paddingLeft": 15,
              "paddingRight": 15,
              "paddingTop": 10,
            }
          }
        >
          <View
            style={
              Object {
                "flex": 1,
                "flexDirection": "row",
              }
            }
          >
            <View
              style={
                Object {
                  "alignItems": "center",
                  "backgroundColor": "#c3c6c7",
                  "borderRadius": 25,
                  "height": 50,
                  "justifyContent": "center",
                  "width": 50,
                }
              }
            >
              <Text
                style={
                  Object {
                    "backgroundColor": "transparent",
                    "color": "#FFFFFF",
                    "fontFamily": "System",
                    "fontSize": 28,
                    "fontWeight": "400",
                    "letterSpacing": 0.355469,
                    "lineHeight": 34,
                  }
                }
              >
                $
              </Text>
            </View>
            <View
              style={
                Object {
                  "flex": 1,
                  "flexDirection": "row",
                  "justifyContent": "space-between",
                  "paddingLeft": 15,
                }
              }
            >
              <View>
                <Text
                  style={
                    Object {
                      "backgroundColor": "transparent",
                      "color": "#5B6267",
                      "fontFamily": "System",
                      "fontSize": 17,
                      "fontWeight": "400",
                      "letterSpacing": -0.408,
                      "lineHeight": 22,
                    }
                  }
                >
                  Food and Drink
                </Text>
                <Text
                  style={
                    Object {
                      "backgroundColor": "transparent",
                      "color": "#c3c6c7",
                      "fontFamily": "System",
                      "fontSize": 15,
                      "fontWeight": "400",
                      "letterSpacing": -0.24,
                      "lineHeight": 20,
                    }
                  }
                >
                  26 transations
                </Text>
              </View>
              <View>
                <Text
                  style={
                    Object {
                      "backgroundColor": "transparent",
                      "color": "#4B5358",
                      "fontFamily": "System",
                      "fontSize": 17,
                      "fontWeight": "600",
                      "letterSpacing": -0.408,
                      "lineHeight": 22,
                    }
                  }
                >
                  -1 804.90 USD
                </Text>
              </View>
            </View>
          </View>
        </View>
        <View
          style={
            Object {
              "alignItems": "center",
              "backgroundColor": "#fff",
              "borderRadius": 2,
              "flexDirection": "row",
              "paddingBottom": 10,
              "paddingLeft": 15,
              "paddingRight": 15,
              "paddingTop": 10,
            }
          }
        >
          <View
            style={
              Object {
                "flex": 1,
                "flexDirection": "row",
              }
            }
          >
            <View
              style={
                Object {
                  "alignItems": "center",
                  "backgroundColor": "#c3c6c7",
                  "borderRadius": 25,
                  "height": 50,
                  "justifyContent": "center",
                  "width": 50,
                }
              }
            >
              <Text
                style={
                  Object {
                    "backgroundColor": "transparent",
                    "color": "#FFFFFF",
                    "fontFamily": "System",
                    "fontSize": 28,
                    "fontWeight": "400",
                    "letterSpacing": 0.355469,
                    "lineHeight": 34,
                  }
                }
              >
                $
              </Text>
            </View>
            <View
              style={
                Object {
                  "flex": 1,
                  "flexDirection": "row",
                  "justifyContent": "space-between",
                  "paddingLeft": 15,
                }
              }
            >
              <View>
                <Text
                  style={
                    Object {
                      "backgroundColor": "transparent",
                      "color": "#5B6267",
                      "fontFamily": "System",
                      "fontSize": 17,
                      "fontWeight": "400",
                      "letterSpacing": -0.408,
                      "lineHeight": 22,
                    }
                  }
                >
                  Travel
                </Text>
                <Text
                  style={
                    Object {
                      "backgroundColor": "transparent",
                      "color": "#c3c6c7",
                      "fontFamily": "System",
                      "fontSize": 15,
                      "fontWeight": "400",
                      "letterSpacing": -0.24,
                      "lineHeight": 20,
                    }
                  }
                >
                  17 transactions
                </Text>
              </View>
              <View>
                <Text
                  style={
                    Object {
                      "backgroundColor": "transparent",
                      "color": "#4B5358",
                      "fontFamily": "System",
                      "fontSize": 17,
                      "fontWeight": "600",
                      "letterSpacing": -0.408,
                      "lineHeight": 22,
                    }
                  }
                >
                  -694.20 USD
                </Text>
              </View>
            </View>
          </View>
        </View>
        <View
          style={
            Object {
              "alignItems": "center",
              "backgroundColor": "#fff",
              "borderRadius": 2,
              "flexDirection": "row",
              "paddingBottom": 10,
              "paddingLeft": 15,
              "paddingRight": 15,
              "paddingTop": 10,
            }
          }
        >
          <View
            style={
              Object {
                "flex": 1,
                "flexDirection": "row",
              }
            }
          >
            <View
              style={
                Object {
                  "alignItems": "center",
                  "backgroundColor": "#c3c6c7",
                  "borderRadius": 25,
                  "height": 50,
                  "justifyContent": "center",
                  "width": 50,
                }
              }
            >
              <Text
                style={
                  Object {
                    "backgroundColor": "transparent",
                    "color": "#FFFFFF",
                    "fontFamily": "System",
                    "fontSize": 28,
                    "fontWeight": "400",
                    "letterSpacing": 0.355469,
                    "lineHeight": 34,
                  }
                }
              >
                $
              </Text>
            </View>
            <View
              style={
                Object {
                  "flex": 1,
                  "flexDirection": "row",
                  "justifyContent": "space-between",
                  "paddingLeft": 15,
                }
              }
            >
              <View>
                <Text
                  style={
                    Object {
                      "backgroundColor": "transparent",
                      "color": "#5B6267",
                      "fontFamily": "System",
                      "fontSize": 17,
                      "fontWeight": "400",
                      "letterSpacing": -0.408,
                      "lineHeight": 22,
                    }
                  }
                >
                  Rent
                </Text>
                <Text
                  style={
                    Object {
                      "backgroundColor": "transparent",
                      "color": "#c3c6c7",
                      "fontFamily": "System",
                      "fontSize": 15,
                      "fontWeight": "400",
                      "letterSpacing": -0.24,
                      "lineHeight": 20,
                    }
                  }
                >
                  1 transactions
                </Text>
              </View>
              <View>
                <Text
                  style={
                    Object {
                      "backgroundColor": "transparent",
                      "color": "#4B5358",
                      "fontFamily": "System",
                      "fontSize": 17,
                      "fontWeight": "600",
                      "letterSpacing": -0.408,
                      "lineHeight": 22,
                    }
                  }
                >
                  -555.40 USD
                </Text>
              </View>
            </View>
          </View>
        </View>
        <View
          style={
            Object {
              "alignItems": "center",
              "backgroundColor": "#fff",
              "borderRadius": 2,
              "flexDirection": "row",
              "paddingBottom": 10,
              "paddingLeft": 15,
              "paddingRight": 15,
              "paddingTop": 10,
            }
          }
        >
          <View
            style={
              Object {
                "flex": 1,
                "flexDirection": "row",
              }
            }
          >
            <View
              style={
                Object {
                  "alignItems": "center",
                  "backgroundColor": "#c3c6c7",
                  "borderRadius": 25,
                  "height": 50,
                  "justifyContent": "center",
                  "width": 50,
                }
              }
            >
              <Text
                style={
                  Object {
                    "backgroundColor": "transparent",
                    "color": "#FFFFFF",
                    "fontFamily": "System",
                    "fontSize": 28,
                    "fontWeight": "400",
                    "letterSpacing": 0.355469,
                    "lineHeight": 34,
                  }
                }
              >
                $
              </Text>
            </View>
            <View
              style={
                Object {
                  "flex": 1,
                  "flexDirection": "row",
                  "justifyContent": "space-between",
                  "paddingLeft": 15,
                }
              }
            >
              <View>
                <Text
                  style={
                    Object {
                      "backgroundColor": "transparent",
                      "color": "#5B6267",
                      "fontFamily": "System",
                      "fontSize": 17,
                      "fontWeight": "400",
                      "letterSpacing": -0.408,
                      "lineHeight": 22,
                    }
                  }
                >
                  Entertainment
                </Text>
                <Text
                  style={
                    Object {
                      "backgroundColor": "transparent",
                      "color": "#c3c6c7",
                      "fontFamily": "System",
                      "fontSize": 15,
                      "fontWeight": "400",
                      "letterSpacing": -0.24,
                      "lineHeight": 20,
                    }
                  }
                >
                  5 transations
                </Text>
              </View>
              <View>
                <Text
                  style={
                    Object {
                      "backgroundColor": "transparent",
                      "color": "#4B5358",
                      "fontFamily": "System",
                      "fontSize": 17,
                      "fontWeight": "600",
                      "letterSpacing": -0.408,
                      "lineHeight": 22,
                    }
                  }
                >
                  -462.80 USD
                </Text>
              </View>
            </View>
          </View>
        </View>
        <View
          style={
            Object {
              "alignItems": "center",
              "backgroundColor": "#fff",
              "borderRadius": 2,
              "flexDirection": "row",
              "paddingBottom": 10,
              "paddingLeft": 15,
              "paddingRight": 15,
              "paddingTop": 10,
            }
          }
        >
          <View
            style={
              Object {
                "flex": 1,
                "flexDirection": "row",
              }
            }
          >
            <View
              style={
                Object {
                  "alignItems": "center",
                  "backgroundColor": "#c3c6c7",
                  "borderRadius": 25,
                  "height": 50,
                  "justifyContent": "center",
                  "width": 50,
                }
              }
            >
              <Text
                style={
                  Object {
                    "backgroundColor": "transparent",
                    "color": "#FFFFFF",
                    "fontFamily": "System",
                    "fontSize": 28,
                    "fontWeight": "400",
                    "letterSpacing": 0.355469,
                    "lineHeight": 34,
                  }
                }
              >
                $
              </Text>
            </View>
            <View
              style={
                Object {
                  "flex": 1,
                  "flexDirection": "row",
                  "justifyContent": "space-between",
                  "paddingLeft": 15,
                }
              }
            >
              <View>
                <Text
                  style={
                    Object {
                      "backgroundColor": "transparent",
                      "color": "#5B6267",
                      "fontFamily": "System",
                      "fontSize": 17,
                      "fontWeight": "400",
                      "letterSpacing": -0.408,
                      "lineHeight": 22,
                    }
                  }
                >
                  Energy
                </Text>
                <Text
                  style={
                    Object {
                      "backgroundColor": "transparent",
                      "color": "#c3c6c7",
                      "fontFamily": "System",
                      "fontSize": 15,
                      "fontWeight": "400",
                      "letterSpacing": -0.24,
                      "lineHeight": 20,
                    }
                  }
                >
                  6 transactions
                </Text>
              </View>
              <View>
                <Text
                  style={
                    Object {
                      "backgroundColor": "transparent",
                      "color": "#4B5358",
                      "fontFamily": "System",
                      "fontSize": 17,
                      "fontWeight": "600",
                      "letterSpacing": -0.408,
                      "lineHeight": 22,
                    }
                  }
                >
                  -450.50 USD
                </Text>
              </View>
            </View>
          </View>
        </View>
        <View
          style={
            Object {
              "alignItems": "center",
              "backgroundColor": "#fff",
              "borderRadius": 2,
              "flexDirection": "row",
              "paddingBottom": 10,
              "paddingLeft": 15,
              "paddingRight": 15,
              "paddingTop": 10,
            }
          }
        >
          <View
            style={
              Object {
                "alignItems": "center",
                "flex": 1,
              }
            }
          >
            <Text
              style={
                Array [
                  Object {
                    "color": "#000",
                    "fontFamily": "System",
                    "fontSize": 16,
                  },
                  Object {
                    "backgroundColor": "transparent",
                    "color": "#5B6267",
                    "fontFamily": "System",
                    "fontSize": 15,
                    "fontWeight": "400",
                    "letterSpacing": -0.24,
                    "lineHeight": 20,
                    "textDecorationLine": "underline",
                  },
                ]
              }
              uppercase={false}
            >
              All Categories (7)
            </Text>
          </View>
        </View>
      </View>
      <View
        style={
          Array [
            Object {
              "backgroundColor": "#fff",
              "borderBottomWidth": 0.5,
              "borderColor": "#ccc",
              "borderLeftWidth": 0.5,
              "borderRadius": 2,
              "borderRightWidth": 0.5,
              "borderTopWidth": 0.5,
              "elevation": 3,
              "flexWrap": "nowrap",
              "marginBottom": 5,
              "marginLeft": 2,
              "marginRight": 2,
              "marginTop": 5,
              "shadowColor": "#000",
              "shadowOffset": Object {
                "height": 2,
                "width": 0,
              },
              "shadowOpacity": 0.1,
              "shadowRadius": 1.5,
            },
            Object {
              "elevation": 2,
            },
          ]
        }
      >
        <View
          style={
            Object {
              "alignItems": "center",
              "backgroundColor": "#fff",
              "borderRadius": 2,
              "flexDirection": "row",
              "paddingBottom": 10,
              "paddingLeft": 15,
              "paddingRight": 15,
              "paddingTop": 10,
            }
          }
        >
          <Text
            style={
              Array [
                Object {
                  "color": "#000",
                  "fontFamily": "System",
                  "fontSize": 16,
                },
                Object {
                  "backgroundColor": "transparent",
                  "color": "#4B5358",
                  "fontFamily": "System",
                  "fontSize": 17,
                  "fontWeight": "600",
                  "letterSpacing": -0.408,
                  "lineHeight": 22,
                },
              ]
            }
            uppercase={false}
          >
            Transfers
          </Text>
        </View>
        <View
          style={
            Object {
              "alignItems": "center",
              "backgroundColor": "#fff",
              "borderRadius": 2,
              "flexDirection": "row",
              "paddingBottom": 10,
              "paddingLeft": 15,
              "paddingRight": 15,
              "paddingTop": 10,
            }
          }
        >
          <View
            style={
              Object {
                "flex": 1,
                "flexDirection": "row",
              }
            }
          >
            <View
              style={
                Object {
                  "alignItems": "center",
                  "flex": 1,
                  "padding": 5,
                }
              }
            >
              <Text
                style={
                  Array [
                    Object {
                      "color": "#000",
                      "fontFamily": "System",
                      "fontSize": 16,
                    },
                    Object {
                      "backgroundColor": "transparent",
                      "color": "#5B6267",
                      "fontFamily": "System",
                      "fontSize": 15,
                      "fontWeight": "400",
                      "letterSpacing": -0.24,
                      "lineHeight": 20,
                      "marginBottom": 5,
                    },
                  ]
                }
                uppercase={false}
              >
                Outgoing
              </Text>
              <Text
                style={
                  Array [
                    Object {
                      "color": "#000",
                      "fontFamily": "System",
                      "fontSize": 16,
                    },
                    Object {
                      "backgroundColor": "transparent",
                      "color": "#4B5358",
                      "fontFamily": "System",
                      "fontSize": 20,
                      "fontWeight": "400",
                      "letterSpacing": 0.361328,
                      "lineHeight": 25,
                    },
                  ]
                }
                uppercase={false}
              >
                - 125 USD
              </Text>
            </View>
            <View
              style={
                Object {
                  "alignItems": "center",
                  "flex": 1,
                  "padding": 5,
                }
              }
            >
              <Text
                style={
                  Array [
                    Object {
                      "color": "#000",
                      "fontFamily": "System",
                      "fontSize": 16,
                    },
                    Object {
                      "backgroundColor": "transparent",
                      "color": "#5B6267",
                      "fontFamily": "System",
                      "fontSize": 15,
                      "fontWeight": "400",
                      "letterSpacing": -0.24,
                      "lineHeight": 20,
                      "marginBottom": 5,
                    },
                  ]
                }
                uppercase={false}
              >
                Incoming
              </Text>
              <Text
                style={
                  Array [
                    Object {
                      "color": "#000",
                      "fontFamily": "System",
                      "fontSize": 16,
                    },
                    Object {
                      "backgroundColor": "transparent",
                      "color": "#4B5358",
                      "fontFamily": "System",
                      "fontSize": 20,
                      "fontWeight": "400",
                      "letterSpacing": 0.361328,
                      "lineHeight": 25,
                    },
                  ]
                }
                uppercase={false}
              >
                +1 200 USD
              </Text>
            </View>
          </View>
        </View>
      </View>
      <View
        style={
          Array [
            Object {
              "backgroundColor": "#fff",
              "borderBottomWidth": 0.5,
              "borderColor": "#ccc",
              "borderLeftWidth": 0.5,
              "borderRadius": 2,
              "borderRightWidth": 0.5,
              "borderTopWidth": 0.5,
              "elevation": 3,
              "flexWrap": "nowrap",
              "marginBottom": 5,
              "marginLeft": 2,
              "marginRight": 2,
              "marginTop": 5,
              "shadowColor": "#000",
              "shadowOffset": Object {
                "height": 2,
                "width": 0,
              },
              "shadowOpacity": 0.1,
              "shadowRadius": 1.5,
            },
            Object {
              "elevation": 2,
            },
          ]
        }
      >
        <View
          style={
            Object {
              "alignItems": "center",
              "backgroundColor": "#fff",
              "borderRadius": 2,
              "flexDirection": "row",
              "paddingBottom": 10,
              "paddingLeft": 15,
              "paddingRight": 15,
              "paddingTop": 10,
            }
          }
        >
          <Text
            style={
              Array [
                Object {
                  "color": "#000",
                  "fontFamily": "System",
                  "fontSize": 16,
                },
                Object {
                  "backgroundColor": "transparent",
                  "color": "#4B5358",
                  "fontFamily": "System",
                  "fontSize": 17,
                  "fontWeight": "600",
                  "letterSpacing": -0.408,
                  "lineHeight": 22,
                },
              ]
            }
            uppercase={false}
          >
            Hashtags
          </Text>
        </View>
        <View
          style={
            Object {
              "alignItems": "center",
              "backgroundColor": "#fff",
              "borderRadius": 2,
              "flexDirection": "row",
              "paddingBottom": 10,
              "paddingLeft": 15,
              "paddingRight": 15,
              "paddingTop": 10,
            }
          }
        >
          <View
            style={
              Object {
                "flex": 1,
                "flexDirection": "row",
              }
            }
          >
            <View
              style={
                Object {
                  "alignItems": "center",
                  "backgroundColor": "#c3c6c7",
                  "borderRadius": 25,
                  "height": 50,
                  "justifyContent": "center",
                  "width": 50,
                }
              }
            >
              <Text
                style={
                  Object {
                    "backgroundColor": "transparent",
                    "color": "#FFFFFF",
                    "fontFamily": "System",
                    "fontSize": 28,
                    "fontWeight": "400",
                    "letterSpacing": 0.355469,
                    "lineHeight": 34,
                  }
                }
              >
                #
              </Text>
            </View>
            <View
              style={
                Object {
                  "flex": 1,
                  "flexDirection": "row",
                  "justifyContent": "space-between",
                  "paddingLeft": 15,
                }
              }
            >
              <View>
                <Text
                  style={
                    Object {
                      "backgroundColor": "transparent",
                      "color": "#5B6267",
                      "fontFamily": "System",
                      "fontSize": 17,
                      "fontWeight": "400",
                      "letterSpacing": -0.408,
                      "lineHeight": 22,
                    }
                  }
                >
                  #Business
                </Text>
                <Text
                  style={
                    Object {
                      "backgroundColor": "transparent",
                      "color": "#c3c6c7",
                      "fontFamily": "System",
                      "fontSize": 15,
                      "fontWeight": "400",
                      "letterSpacing": -0.24,
                      "lineHeight": 20,
                    }
                  }
                >
                  26 transations
                </Text>
              </View>
              <View>
                <Text
                  style={
                    Object {
                      "backgroundColor": "transparent",
                      "color": "#4B5358",
                      "fontFamily": "System",
                      "fontSize": 17,
                      "fontWeight": "600",
                      "letterSpacing": -0.408,
                      "lineHeight": 22,
                    }
                  }
                >
                  -1 804.90 USD
                </Text>
              </View>
            </View>
          </View>
        </View>
        <View
          style={
            Object {
              "alignItems": "center",
              "backgroundColor": "#fff",
              "borderRadius": 2,
              "flexDirection": "row",
              "paddingBottom": 10,
              "paddingLeft": 15,
              "paddingRight": 15,
              "paddingTop": 10,
            }
          }
        >
          <View
            style={
              Object {
                "flex": 1,
                "flexDirection": "row",
              }
            }
          >
            <View
              style={
                Object {
                  "alignItems": "center",
                  "backgroundColor": "#c3c6c7",
                  "borderRadius": 25,
                  "height": 50,
                  "justifyContent": "center",
                  "width": 50,
                }
              }
            >
              <Text
                style={
                  Object {
                    "backgroundColor": "transparent",
                    "color": "#FFFFFF",
                    "fontFamily": "System",
                    "fontSize": 28,
                    "fontWeight": "400",
                    "letterSpacing": 0.355469,
                    "lineHeight": 34,
                  }
                }
              >
                #
              </Text>
            </View>
            <View
              style={
                Object {
                  "flex": 1,
                  "flexDirection": "row",
                  "justifyContent": "space-between",
                  "paddingLeft": 15,
                }
              }
            >
              <View>
                <Text
                  style={
                    Object {
                      "backgroundColor": "transparent",
                      "color": "#5B6267",
                      "fontFamily": "System",
                      "fontSize": 17,
                      "fontWeight": "400",
                      "letterSpacing": -0.408,
                      "lineHeight": 22,
                    }
                  }
                >
                  #Lunch
                </Text>
                <Text
                  style={
                    Object {
                      "backgroundColor": "transparent",
                      "color": "#c3c6c7",
                      "fontFamily": "System",
                      "fontSize": 15,
                      "fontWeight": "400",
                      "letterSpacing": -0.24,
                      "lineHeight": 20,
                    }
                  }
                >
                  17 transactions
                </Text>
              </View>
              <View>
                <Text
                  style={
                    Object {
                      "backgroundColor": "transparent",
                      "color": "#4B5358",
                      "fontFamily": "System",
                      "fontSize": 17,
                      "fontWeight": "600",
                      "letterSpacing": -0.408,
                      "lineHeight": 22,
                    }
                  }
                >
                  -694.20 USD
                </Text>
              </View>
            </View>
          </View>
        </View>
        <View
          style={
            Object {
              "alignItems": "center",
              "backgroundColor": "#fff",
              "borderRadius": 2,
              "flexDirection": "row",
              "paddingBottom": 10,
              "paddingLeft": 15,
              "paddingRight": 15,
              "paddingTop": 10,
            }
          }
        >
          <View
            style={
              Object {
                "flex": 1,
                "flexDirection": "row",
              }
            }
          >
            <View
              style={
                Object {
                  "alignItems": "center",
                  "backgroundColor": "#c3c6c7",
                  "borderRadius": 25,
                  "height": 50,
                  "justifyContent": "center",
                  "width": 50,
                }
              }
            >
              <Text
                style={
                  Object {
                    "backgroundColor": "transparent",
                    "color": "#FFFFFF",
                    "fontFamily": "System",
                    "fontSize": 28,
                    "fontWeight": "400",
                    "letterSpacing": 0.355469,
                    "lineHeight": 34,
                  }
                }
              >
                #
              </Text>
            </View>
            <View
              style={
                Object {
                  "flex": 1,
                  "flexDirection": "row",
                  "justifyContent": "space-between",
                  "paddingLeft": 15,
                }
              }
            >
              <View>
                <Text
                  style={
                    Object {
                      "backgroundColor": "transparent",
                      "color": "#5B6267",
                      "fontFamily": "System",
                      "fontSize": 17,
                      "fontWeight": "400",
                      "letterSpacing": -0.408,
                      "lineHeight": 22,
                    }
                  }
                >
                  #Personal
                </Text>
                <Text
                  style={
                    Object {
                      "backgroundColor": "transparent",
                      "color": "#c3c6c7",
                      "fontFamily": "System",
                      "fontSize": 15,
                      "fontWeight": "400",
                      "letterSpacing": -0.24,
                      "lineHeight": 20,
                    }
                  }
                >
                  1 transactions
                </Text>
              </View>
              <View>
                <Text
                  style={
                    Object {
                      "backgroundColor": "transparent",
                      "color": "#4B5358",
                      "fontFamily": "System",
                      "fontSize": 17,
                      "fontWeight": "600",
                      "letterSpacing": -0.408,
                      "lineHeight": 22,
                    }
                  }
                >
                  -555.40 USD
                </Text>
              </View>
            </View>
          </View>
        </View>
        <View
          style={
            Object {
              "alignItems": "center",
              "backgroundColor": "#fff",
              "borderRadius": 2,
              "flexDirection": "row",
              "paddingBottom": 10,
              "paddingLeft": 15,
              "paddingRight": 15,
              "paddingTop": 10,
            }
          }
        >
          <View
            style={
              Object {
                "flex": 1,
                "flexDirection": "row",
              }
            }
          >
            <View
              style={
                Object {
                  "alignItems": "center",
                  "backgroundColor": "#c3c6c7",
                  "borderRadius": 25,
                  "height": 50,
                  "justifyContent": "center",
                  "width": 50,
                }
              }
            >
              <Text
                style={
                  Object {
                    "backgroundColor": "transparent",
                    "color": "#FFFFFF",
                    "fontFamily": "System",
                    "fontSize": 28,
                    "fontWeight": "400",
                    "letterSpacing": 0.355469,
                    "lineHeight": 34,
                  }
                }
              >
                #
              </Text>
            </View>
            <View
              style={
                Object {
                  "flex": 1,
                  "flexDirection": "row",
                  "justifyContent": "space-between",
                  "paddingLeft": 15,
                }
              }
            >
              <View>
                <Text
                  style={
                    Object {
                      "backgroundColor": "transparent",
                      "color": "#5B6267",
                      "fontFamily": "System",
                      "fontSize": 17,
                      "fontWeight": "400",
                      "letterSpacing": -0.408,
                      "lineHeight": 22,
                    }
                  }
                >
                  #Entertainment
                </Text>
                <Text
                  style={
                    Object {
                      "backgroundColor": "transparent",
                      "color": "#c3c6c7",
                      "fontFamily": "System",
                      "fontSize": 15,
                      "fontWeight": "400",
                      "letterSpacing": -0.24,
                      "lineHeight": 20,
                    }
                  }
                >
                  5 transations
                </Text>
              </View>
              <View>
                <Text
                  style={
                    Object {
                      "backgroundColor": "transparent",
                      "color": "#4B5358",
                      "fontFamily": "System",
                      "fontSize": 17,
                      "fontWeight": "600",
                      "letterSpacing": -0.408,
                      "lineHeight": 22,
                    }
                  }
                >
                  -462.80 USD
                </Text>
              </View>
            </View>
          </View>
        </View>
        <View
          style={
            Object {
              "alignItems": "center",
              "backgroundColor": "#fff",
              "borderRadius": 2,
              "flexDirection": "row",
              "paddingBottom": 10,
              "paddingLeft": 15,
              "paddingRight": 15,
              "paddingTop": 10,
            }
          }
        >
          <View
            style={
              Object {
                "alignItems": "center",
                "flex": 1,
              }
            }
          >
            <Text
              style={
                Array [
                  Object {
                    "color": "#000",
                    "fontFamily": "System",
                    "fontSize": 16,
                  },
                  Object {
                    "backgroundColor": "transparent",
                    "color": "#5B6267",
                    "fontFamily": "System",
                    "fontSize": 15,
                    "fontWeight": "400",
                    "letterSpacing": -0.24,
                    "lineHeight": 20,
                    "textDecorationLine": "underline",
                  },
                ]
              }
              uppercase={false}
            >
              All hashtags (12)
            </Text>
          </View>
        </View>
      </View>
      <View
        style={
          Array [
            Object {
              "backgroundColor": "#fff",
              "borderBottomWidth": 0.5,
              "borderColor": "#ccc",
              "borderLeftWidth": 0.5,
              "borderRadius": 2,
              "borderRightWidth": 0.5,
              "borderTopWidth": 0.5,
              "elevation": 3,
              "flexWrap": "nowrap",
              "marginBottom": 5,
              "marginLeft": 2,
              "marginRight": 2,
              "marginTop": 5,
              "shadowColor": "#000",
              "shadowOffset": Object {
                "height": 2,
                "width": 0,
              },
              "shadowOpacity": 0.1,
              "shadowRadius": 1.5,
            },
            Object {
              "elevation": 2,
            },
          ]
        }
      >
        <View
          style={
            Object {
              "alignItems": "center",
              "backgroundColor": "#fff",
              "borderRadius": 2,
              "flexDirection": "row",
              "paddingBottom": 10,
              "paddingLeft": 15,
              "paddingRight": 15,
              "paddingTop": 10,
            }
          }
        >
          <Text
            style={
              Array [
                Object {
                  "color": "#000",
                  "fontFamily": "System",
                  "fontSize": 16,
                },
                Object {
                  "backgroundColor": "transparent",
                  "color": "#5B6267",
                  "fontFamily": "System",
                  "fontSize": 17,
                  "fontWeight": "600",
                  "letterSpacing": -0.408,
                  "lineHeight": 22,
                },
              ]
            }
            uppercase={false}
          >
            Places
          </Text>
        </View>
        <View
          style={
            Object {
              "alignItems": "center",
              "backgroundColor": "#fff",
              "borderRadius": 2,
              "flexDirection": "row",
              "paddingBottom": 10,
              "paddingLeft": 15,
              "paddingRight": 15,
              "paddingTop": 10,
            }
          }
        >
          <View
            style={
              Object {
                "flex": 1,
                "flexDirection": "row",
              }
            }
          >
            <View
              style={
                Object {
                  "alignItems": "center",
                  "backgroundColor": "#c3c6c7",
                  "borderRadius": 25,
                  "height": 50,
                  "justifyContent": "center",
                  "width": 50,
                }
              }
            >
              <Text
                style={
                  Object {
                    "backgroundColor": "transparent",
                    "color": "#FFFFFF",
                    "fontFamily": "System",
                    "fontSize": 28,
                    "fontWeight": "400",
                    "letterSpacing": 0.355469,
                    "lineHeight": 34,
                  }
                }
              >
                $
              </Text>
            </View>
            <View
              style={
                Object {
                  "flex": 1,
                  "flexDirection": "row",
                  "justifyContent": "space-between",
                  "paddingLeft": 15,
                }
              }
            >
              <View>
                <Text
                  style={
                    Object {
                      "backgroundColor": "transparent",
                      "color": "#5B6267",
                      "fontFamily": "System",
                      "fontSize": 17,
                      "fontWeight": "400",
                      "letterSpacing": -0.408,
                      "lineHeight": 22,
                    }
                  }
                >
                  Office
                </Text>
                <Text
                  style={
                    Object {
                      "backgroundColor": "transparent",
                      "color": "#c3c6c7",
                      "fontFamily": "System",
                      "fontSize": 15,
                      "fontWeight": "400",
                      "letterSpacing": -0.24,
                      "lineHeight": 20,
                    }
                  }
                >
                  26 transations
                </Text>
              </View>
              <View>
                <Text
                  style={
                    Object {
                      "backgroundColor": "transparent",
                      "color": "#4B5358",
                      "fontFamily": "System",
                      "fontSize": 17,
                      "fontWeight": "600",
                      "letterSpacing": -0.408,
                      "lineHeight": 22,
                    }
                  }
                >
                  -1 804.90 USD
                </Text>
              </View>
            </View>
          </View>
        </View>
        <View
          style={
            Object {
              "alignItems": "center",
              "backgroundColor": "#fff",
              "borderRadius": 2,
              "flexDirection": "row",
              "paddingBottom": 10,
              "paddingLeft": 15,
              "paddingRight": 15,
              "paddingTop": 10,
            }
          }
        >
          <View
            style={
              Object {
                "flex": 1,
                "flexDirection": "row",
              }
            }
          >
            <View
              style={
                Object {
                  "alignItems": "center",
                  "backgroundColor": "#c3c6c7",
                  "borderRadius": 25,
                  "height": 50,
                  "justifyContent": "center",
                  "width": 50,
                }
              }
            >
              <Text
                style={
                  Object {
                    "backgroundColor": "transparent",
                    "color": "#FFFFFF",
                    "fontFamily": "System",
                    "fontSize": 28,
                    "fontWeight": "400",
                    "letterSpacing": 0.355469,
                    "lineHeight": 34,
                  }
                }
              >
                $
              </Text>
            </View>
            <View
              style={
                Object {
                  "flex": 1,
                  "flexDirection": "row",
                  "justifyContent": "space-between",
                  "paddingLeft": 15,
                }
              }
            >
              <View>
                <Text
                  style={
                    Object {
                      "backgroundColor": "transparent",
                      "color": "#5B6267",
                      "fontFamily": "System",
                      "fontSize": 17,
                      "fontWeight": "400",
                      "letterSpacing": -0.408,
                      "lineHeight": 22,
                    }
                  }
                >
                  Home
                </Text>
                <Text
                  style={
                    Object {
                      "backgroundColor": "transparent",
                      "color": "#c3c6c7",
                      "fontFamily": "System",
                      "fontSize": 15,
                      "fontWeight": "400",
                      "letterSpacing": -0.24,
                      "lineHeight": 20,
                    }
                  }
                >
                  17 transactions
                </Text>
              </View>
              <View>
                <Text
                  style={
                    Object {
                      "backgroundColor": "transparent",
                      "color": "#4B5358",
                      "fontFamily": "System",
                      "fontSize": 17,
                      "fontWeight": "600",
                      "letterSpacing": -0.408,
                      "lineHeight": 22,
                    }
                  }
                >
                  -694.20 USD
                </Text>
              </View>
            </View>
          </View>
        </View>
        <View
          style={
            Object {
              "alignItems": "center",
              "backgroundColor": "#fff",
              "borderRadius": 2,
              "flexDirection": "row",
              "paddingBottom": 10,
              "paddingLeft": 15,
              "paddingRight": 15,
              "paddingTop": 10,
            }
          }
        >
          <View
            style={
              Object {
                "flex": 1,
                "flexDirection": "row",
              }
            }
          >
            <View
              style={
                Object {
                  "alignItems": "center",
                  "backgroundColor": "#c3c6c7",
                  "borderRadius": 25,
                  "height": 50,
                  "justifyContent": "center",
                  "width": 50,
                }
              }
            >
              <Text
                style={
                  Object {
                    "backgroundColor": "transparent",
                    "color": "#FFFFFF",
                    "fontFamily": "System",
                    "fontSize": 28,
                    "fontWeight": "400",
                    "letterSpacing": 0.355469,
                    "lineHeight": 34,
                  }
                }
              >
                $
              </Text>
            </View>
            <View
              style={
                Object {
                  "flex": 1,
                  "flexDirection": "row",
                  "justifyContent": "space-between",
                  "paddingLeft": 15,
                }
              }
            >
              <View>
                <Text
                  style={
                    Object {
                      "backgroundColor": "transparent",
                      "color": "#5B6267",
                      "fontFamily": "System",
                      "fontSize": 17,
                      "fontWeight": "400",
                      "letterSpacing": -0.408,
                      "lineHeight": 22,
                    }
                  }
                >
                  Cafe
                </Text>
                <Text
                  style={
                    Object {
                      "backgroundColor": "transparent",
                      "color": "#c3c6c7",
                      "fontFamily": "System",
                      "fontSize": 15,
                      "fontWeight": "400",
                      "letterSpacing": -0.24,
                      "lineHeight": 20,
                    }
                  }
                >
                  1 transactions
                </Text>
              </View>
              <View>
                <Text
                  style={
                    Object {
                      "backgroundColor": "transparent",
                      "color": "#4B5358",
                      "fontFamily": "System",
                      "fontSize": 17,
                      "fontWeight": "600",
                      "letterSpacing": -0.408,
                      "lineHeight": 22,
                    }
                  }
                >
                  -155.40 USD
                </Text>
              </View>
            </View>
          </View>
        </View>
        <View
          style={
            Object {
              "alignItems": "center",
              "backgroundColor": "#fff",
              "borderRadius": 2,
              "flexDirection": "row",
              "paddingBottom": 10,
              "paddingLeft": 15,
              "paddingRight": 15,
              "paddingTop": 10,
            }
          }
        >
          <View
            style={
              Object {
                "alignItems": "center",
                "flex": 1,
              }
            }
          >
            <Text
              style={
                Array [
                  Object {
                    "color": "#000",
                    "fontFamily": "System",
                    "fontSize": 16,
                  },
                  Object {
                    "backgroundColor": "transparent",
                    "color": "#5B6267",
                    "fontFamily": "System",
                    "fontSize": 15,
                    "fontWeight": "400",
                    "letterSpacing": -0.24,
                    "lineHeight": 20,
                    "textDecorationLine": "underline",
                  },
                ]
              }
              uppercase={false}
            >
              All places (9)
            </Text>
          </View>
        </View>
      </View>
    </View>
  </RCTScrollView>
  <View
    style={
      Object {
        "alignItems": "center",
        "backgroundColor": "#52728D",
        "borderRadius": 30,
        "bottom": 10,
        "elevation": 10,
        "height": 60,
        "justifyContent": "center",
        "position": "absolute",
        "right": 10,
        "width": 60,
      }
    }
  >
    <Text
      allowFontScaling={false}
      style={
        Array [
          Object {
            "color": undefined,
            "fontSize": 12,
          },
          Array [
            Object {
              "color": "#000",
              "fontSize": 30,
            },
            Object {
              "color": "#000",
              "fontSize": 30,
            },
            Object {
              "color": "#F5F3F5",
              "fontSize": 30,
            },
          ],
          Object {
            "fontFamily": "Ionicons",
            "fontStyle": "normal",
            "fontWeight": "normal",
          },
          Object {},
        ]
      }
    >
      
    </Text>
  </View>
</View>
`;
